#2026 08 14 08:08:21.633#Z#DEBUG#2a9679fe-97b7-11f1-91c3-eeee0a9f1a4c.loyalty-rewards-srv#flowable-async-job-executor-thread-14983#
[PollStageAppStatusExecution] f923befe-21d1-4fb4-b72b-f81c31059c6d [2026-08-14T08:07:32.963877] Updated app with guid f923befe-21d1-4fb4-b72b-f81c31059c6d ({"lifecycle"=>{"data"=>{"buildpacks"=>["nodejs_buildpack"]}, "type"=>"buildpack"}}) (STDOUT, API)#
#2026 08 14 08:08:21.634#Z#DEBUG#2a9679fe-97b7-11f1-91c3-eeee0a9f1a4c.loyalty-rewards-srv#flowable-async-job-executor-thread-14983#
[PollStageAppStatusExecution] f923befe-21d1-4fb4-b72b-f81c31059c6d [2026-08-14T08:07:33.068406] Updating process: "web" (STDOUT, API)#
#2026 08 14 08:08:21.634#Z#DEBUG#2a9679fe-97b7-11f1-91c3-eeee0a9f1a4c.loyalty-rewards-srv#flowable-async-job-executor-thread-14983#
[PollStageAppStatusExecution] f923befe-21d1-4fb4-b72b-f81c31059c6d [2026-08-14T08:08:01.754742] Uploading app package for app with guid f923befe-21d1-4fb4-b72b-f81c31059c6d (STDOUT, API)#
#2026 08 14 08:08:21.634#Z#DEBUG#2a9679fe-97b7-11f1-91c3-eeee0a9f1a4c.loyalty-rewards-srv#flowable-async-job-executor-thread-14983#
[PollStageAppStatusExecution] f923befe-21d1-4fb4-b72b-f81c31059c6d [2026-08-14T08:08:01.937248] Updated app with guid f923befe-21d1-4fb4-b72b-f81c31059c6d ({"environment_variables"=>"[PRIVATE DATA HIDDEN]"}) (STDOUT, API)#
#2026 08 14 08:08:21.634#Z#DEBUG#2a9679fe-97b7-11f1-91c3-eeee0a9f1a4c.loyalty-rewards-srv#flowable-async-job-executor-thread-14983#
[PollStageAppStatusExecution] f923befe-21d1-4fb4-b72b-f81c31059c6d [2026-08-14T08:08:11.826807] Stopping app with guid f923befe-21d1-4fb4-b72b-f81c31059c6d (STDOUT, API)#
#2026 08 14 08:08:21.634#Z#DEBUG#2a9679fe-97b7-11f1-91c3-eeee0a9f1a4c.loyalty-rewards-srv#flowable-async-job-executor-thread-14983#
[PollStageAppStatusExecution] f923befe-21d1-4fb4-b72b-f81c31059c6d [2026-08-14T08:08:11.872546] Cell d1cc041a-d5a1-41d6-b9f6-6cda736ce3f0 stopping instance 0a0646a8-2488-421a-5922-7d58 (STDOUT, CELL)#
#2026 08 14 08:08:21.634#Z#DEBUG#2a9679fe-97b7-11f1-91c3-eeee0a9f1a4c.loyalty-rewards-srv#flowable-async-job-executor-thread-14983#
[PollStageAppStatusExecution] f923befe-21d1-4fb4-b72b-f81c31059c6d [2026-08-14T08:08:12.049581] Creating build for app with guid f923befe-21d1-4fb4-b72b-f81c31059c6d (STDOUT, API)#
#2026 08 14 08:08:21.634#Z#DEBUG#2a9679fe-97b7-11f1-91c3-eeee0a9f1a4c.loyalty-rewards-srv#flowable-async-job-executor-thread-14983#
[PollStageAppStatusExecution] f923befe-21d1-4fb4-b72b-f81c31059c6d [2026-08-14T08:08:12.447189] Downloading nodejs_buildpack... (STDOUT, STG)#
#2026 08 14 08:08:21.634#Z#DEBUG#2a9679fe-97b7-11f1-91c3-eeee0a9f1a4c.loyalty-rewards-srv#flowable-async-job-executor-thread-14983#
[PollStageAppStatusExecution] f923befe-21d1-4fb4-b72b-f81c31059c6d [2026-08-14T08:08:12.492171] Downloaded nodejs_buildpack (STDOUT, STG)#
#2026 08 14 08:08:21.634#Z#DEBUG#2a9679fe-97b7-11f1-91c3-eeee0a9f1a4c.loyalty-rewards-srv#flowable-async-job-executor-thread-14983#
[PollStageAppStatusExecution] f923befe-21d1-4fb4-b72b-f81c31059c6d [2026-08-14T08:08:12.492254] Cell d1cc041a-d5a1-41d6-b9f6-6cda736ce3f0 creating container for instance 63bbd82c-3eea-4d78-b8b5-64f96460fc38 (STDOUT, STG)#
#2026 08 14 08:08:21.634#Z#DEBUG#2a9679fe-97b7-11f1-91c3-eeee0a9f1a4c.loyalty-rewards-srv#flowable-async-job-executor-thread-14983#
[PollStageAppStatusExecution] f923befe-21d1-4fb4-b72b-f81c31059c6d [2026-08-14T08:08:13.317884] Security group rules were updated (STDOUT, STG)#
#2026 08 14 08:08:21.634#Z#DEBUG#2a9679fe-97b7-11f1-91c3-eeee0a9f1a4c.loyalty-rewards-srv#flowable-async-job-executor-thread-14983#
[PollStageAppStatusExecution] f923befe-21d1-4fb4-b72b-f81c31059c6d [2026-08-14T08:08:13.429298] Cell d1cc041a-d5a1-41d6-b9f6-6cda736ce3f0 successfully created container for instance 63bbd82c-3eea-4d78-b8b5-64f96460fc38 (STDOUT, STG)#
#2026 08 14 08:08:21.634#Z#DEBUG#2a9679fe-97b7-11f1-91c3-eeee0a9f1a4c.loyalty-rewards-srv#flowable-async-job-executor-thread-14983#
[PollStageAppStatusExecution] f923befe-21d1-4fb4-b72b-f81c31059c6d [2026-08-14T08:08:14.144371] Downloading build artifacts cache... (STDOUT, STG)#
#2026 08 14 08:08:21.634#Z#DEBUG#2a9679fe-97b7-11f1-91c3-eeee0a9f1a4c.loyalty-rewards-srv#flowable-async-job-executor-thread-14983#
[PollStageAppStatusExecution] f923befe-21d1-4fb4-b72b-f81c31059c6d [2026-08-14T08:08:14.144393] Downloading app package... (STDOUT, STG)#
#2026 08 14 08:08:21.634#Z#DEBUG#2a9679fe-97b7-11f1-91c3-eeee0a9f1a4c.loyalty-rewards-srv#flowable-async-job-executor-thread-14983#
[PollStageAppStatusExecution] f923befe-21d1-4fb4-b72b-f81c31059c6d [2026-08-14T08:08:14.215096] Downloaded build artifacts cache (224B) (STDOUT, STG)#
#2026 08 14 08:08:21.634#Z#DEBUG#2a9679fe-97b7-11f1-91c3-eeee0a9f1a4c.loyalty-rewards-srv#flowable-async-job-executor-thread-14983#
[PollStageAppStatusExecution] f923befe-21d1-4fb4-b72b-f81c31059c6d [2026-08-14T08:08:14.873824] Downloaded app package (4.6M) (STDOUT, STG)#
#2026 08 14 08:08:21.634#Z#DEBUG#2a9679fe-97b7-11f1-91c3-eeee0a9f1a4c.loyalty-rewards-srv#flowable-async-job-executor-thread-14983#
[PollStageAppStatusExecution] f923befe-21d1-4fb4-b72b-f81c31059c6d [2026-08-14T08:08:15.011191] -----> Nodejs Buildpack version 1.9.2 (STDOUT, STG)#
#2026 08 14 08:08:21.634#Z#DEBUG#2a9679fe-97b7-11f1-91c3-eeee0a9f1a4c.loyalty-rewards-srv#flowable-async-job-executor-thread-14983#
[PollStageAppStatusExecution] f923befe-21d1-4fb4-b72b-f81c31059c6d [2026-08-14T08:08:15.321903] -----> Bootstrapping python (STDOUT, STG)#
#2026 08 14 08:08:21.634#Z#DEBUG#2a9679fe-97b7-11f1-91c3-eeee0a9f1a4c.loyalty-rewards-srv#flowable-async-job-executor-thread-14983#
[PollStageAppStatusExecution] f923befe-21d1-4fb4-b72b-f81c31059c6d [2026-08-14T08:08:15.321936] -----> Installing python 3.13.13 (STDOUT, STG)#
#2026 08 14 08:08:21.634#Z#DEBUG#2a9679fe-97b7-11f1-91c3-eeee0a9f1a4c.loyalty-rewards-srv#flowable-async-job-executor-thread-14983#
[PollStageAppStatusExecution] f923befe-21d1-4fb4-b72b-f81c31059c6d [2026-08-14T08:08:15.322027] Copy [/tmp/buildpacks/17bd89c67d092631/dependencies/268a5e3743d51a14b86ea9da64439307/python_3.13.13_linux_x64_cflinuxfs4_8311abbf.tgz] (STDOUT, STG)#
#2026 08 14 08:08:21.634#Z#DEBUG#2a9679fe-97b7-11f1-91c3-eeee0a9f1a4c.loyalty-rewards-srv#flowable-async-job-executor-thread-14983#
[PollStageAppStatusExecution] f923befe-21d1-4fb4-b72b-f81c31059c6d [2026-08-14T08:08:19.961267] -----> Installing binaries (STDOUT, STG)#
#2026 08 14 08:08:21.634#Z#DEBUG#2a9679fe-97b7-11f1-91c3-eeee0a9f1a4c.loyalty-rewards-srv#flowable-async-job-executor-thread-14983#
[PollStageAppStatusExecution] f923befe-21d1-4fb4-b72b-f81c31059c6d [2026-08-14T08:08:19.961406] engines.node (package.json): >=20 (STDOUT, STG)#
#2026 08 14 08:08:21.634#Z#DEBUG#2a9679fe-97b7-11f1-91c3-eeee0a9f1a4c.loyalty-rewards-srv#flowable-async-job-executor-thread-14983#
[PollStageAppStatusExecution] f923befe-21d1-4fb4-b72b-f81c31059c6d [2026-08-14T08:08:19.961422] engines.npm (package.json): unspecified (use default) (STDOUT, STG)#
#2026 08 14 08:08:21.634#Z#DEBUG#2a9679fe-97b7-11f1-91c3-eeee0a9f1a4c.loyalty-rewards-srv#flowable-async-job-executor-thread-14983#
[PollStageAppStatusExecution] f923befe-21d1-4fb4-b72b-f81c31059c6d [2026-08-14T08:08:19.961426] [31;1m**WARNING**[0m Dangerous semver range (>) in engines.node. See: http://docs.cloudfoundry.org/buildpacks/node/node-tips.html (STDOUT, STG)#
#2026 08 14 08:08:21.634#Z#DEBUG#2a9679fe-97b7-11f1-91c3-eeee0a9f1a4c.loyalty-rewards-srv#flowable-async-job-executor-thread-14983#
[PollStageAppStatusExecution] f923befe-21d1-4fb4-b72b-f81c31059c6d [2026-08-14T08:08:19.961516] -----> Installing node 24.15.0 (STDOUT, STG)#
#2026 08 14 08:08:21.634#Z#DEBUG#2a9679fe-97b7-11f1-91c3-eeee0a9f1a4c.loyalty-rewards-srv#flowable-async-job-executor-thread-14983#
[PollStageAppStatusExecution] f923befe-21d1-4fb4-b72b-f81c31059c6d [2026-08-14T08:08:19.961692] Copy [/tmp/buildpacks/17bd89c67d092631/dependencies/6441e97e6386f47ec4c16cfdf8db0a17/node_24.15.0_linux_x64_cflinuxfs4_1a62d98b.tgz] (STDOUT, STG)#
#2026 08 14 08:08:31.809#Z#DEBUG#2a9679fe-97b7-11f1-91c3-eeee0a9f1a4c.loyalty-rewards-srv#flowable-async-job-executor-thread-29096#
[PollStageAppStatusExecution] f923befe-21d1-4fb4-b72b-f81c31059c6d [2026-08-14T08:08:22.718668] Using default npm version: 11.12.1 (STDOUT, STG)#
#2026 08 14 08:08:31.809#Z#DEBUG#2a9679fe-97b7-11f1-91c3-eeee0a9f1a4c.loyalty-rewards-srv#flowable-async-job-executor-thread-29096#
[PollStageAppStatusExecution] f923befe-21d1-4fb4-b72b-f81c31059c6d [2026-08-14T08:08:22.718740] -----> Installing yarn 1.22.22 (STDOUT, STG)#
#2026 08 14 08:08:31.809#Z#DEBUG#2a9679fe-97b7-11f1-91c3-eeee0a9f1a4c.loyalty-rewards-srv#flowable-async-job-executor-thread-29096#
[PollStageAppStatusExecution] f923befe-21d1-4fb4-b72b-f81c31059c6d [2026-08-14T08:08:22.719078] Copy [/tmp/buildpacks/17bd89c67d092631/dependencies/e4fe26756e9984a665478d350474fa2e/yarn_1.22.22_linux_noarch_any-stack_b6132b86.tgz] (STDOUT, STG)#
#2026 08 14 08:08:31.809#Z#DEBUG#2a9679fe-97b7-11f1-91c3-eeee0a9f1a4c.loyalty-rewards-srv#flowable-async-job-executor-thread-29096#
[PollStageAppStatusExecution] f923befe-21d1-4fb4-b72b-f81c31059c6d [2026-08-14T08:08:23.081329] Installed yarn 1.22.22 (STDOUT, STG)#
#2026 08 14 08:08:31.809#Z#DEBUG#2a9679fe-97b7-11f1-91c3-eeee0a9f1a4c.loyalty-rewards-srv#flowable-async-job-executor-thread-29096#
[PollStageAppStatusExecution] f923befe-21d1-4fb4-b72b-f81c31059c6d [2026-08-14T08:08:23.081357] -----> Creating runtime environment (STDOUT, STG)#
#2026 08 14 08:08:31.809#Z#DEBUG#2a9679fe-97b7-11f1-91c3-eeee0a9f1a4c.loyalty-rewards-srv#flowable-async-job-executor-thread-29096#
[PollStageAppStatusExecution] f923befe-21d1-4fb4-b72b-f81c31059c6d [2026-08-14T08:08:23.083104] NODE_ENV=production (STDOUT, STG)#
#2026 08 14 08:08:31.809#Z#DEBUG#2a9679fe-97b7-11f1-91c3-eeee0a9f1a4c.loyalty-rewards-srv#flowable-async-job-executor-thread-29096#
[PollStageAppStatusExecution] f923befe-21d1-4fb4-b72b-f81c31059c6d [2026-08-14T08:08:23.083158] NODE_HOME=/tmp/contents1596696954/deps/0/node (STDOUT, STG)#
#2026 08 14 08:08:31.809#Z#DEBUG#2a9679fe-97b7-11f1-91c3-eeee0a9f1a4c.loyalty-rewards-srv#flowable-async-job-executor-thread-29096#
[PollStageAppStatusExecution] f923befe-21d1-4fb4-b72b-f81c31059c6d [2026-08-14T08:08:23.083170] NODE_MODULES_CACHE=true (STDOUT, STG)#
#2026 08 14 08:08:31.809#Z#DEBUG#2a9679fe-97b7-11f1-91c3-eeee0a9f1a4c.loyalty-rewards-srv#flowable-async-job-executor-thread-29096#
[PollStageAppStatusExecution] f923befe-21d1-4fb4-b72b-f81c31059c6d [2026-08-14T08:08:23.083259] NODE_VERBOSE=false (STDOUT, STG)#
#2026 08 14 08:08:31.809#Z#DEBUG#2a9679fe-97b7-11f1-91c3-eeee0a9f1a4c.loyalty-rewards-srv#flowable-async-job-executor-thread-29096#
[PollStageAppStatusExecution] f923befe-21d1-4fb4-b72b-f81c31059c6d [2026-08-14T08:08:23.083283] NPM_CONFIG_LOGLEVEL=error (STDOUT, STG)#
#2026 08 14 08:08:31.809#Z#DEBUG#2a9679fe-97b7-11f1-91c3-eeee0a9f1a4c.loyalty-rewards-srv#flowable-async-job-executor-thread-29096#
[PollStageAppStatusExecution] f923befe-21d1-4fb4-b72b-f81c31059c6d [2026-08-14T08:08:23.083288] NPM_CONFIG_PRODUCTION=true (STDOUT, STG)#
#2026 08 14 08:08:31.809#Z#DEBUG#2a9679fe-97b7-11f1-91c3-eeee0a9f1a4c.loyalty-rewards-srv#flowable-async-job-executor-thread-29096#
[PollStageAppStatusExecution] f923befe-21d1-4fb4-b72b-f81c31059c6d [2026-08-14T08:08:23.083384] -----> Building dependencies (STDOUT, STG)#
#2026 08 14 08:08:31.809#Z#DEBUG#2a9679fe-97b7-11f1-91c3-eeee0a9f1a4c.loyalty-rewards-srv#flowable-async-job-executor-thread-29096#
[PollStageAppStatusExecution] f923befe-21d1-4fb4-b72b-f81c31059c6d [2026-08-14T08:08:23.083446] Prebuild detected (node_modules already exists) (STDOUT, STG)#
#2026 08 14 08:08:31.809#Z#DEBUG#2a9679fe-97b7-11f1-91c3-eeee0a9f1a4c.loyalty-rewards-srv#flowable-async-job-executor-thread-29096#
[PollStageAppStatusExecution] f923befe-21d1-4fb4-b72b-f81c31059c6d [2026-08-14T08:08:23.083535] Rebuilding any native modules (STDOUT, STG)#
#2026 08 14 08:08:31.809#Z#DEBUG#2a9679fe-97b7-11f1-91c3-eeee0a9f1a4c.loyalty-rewards-srv#flowable-async-job-executor-thread-29096#
[PollStageAppStatusExecution] f923befe-21d1-4fb4-b72b-f81c31059c6d [2026-08-14T08:08:23.843529] rebuilt dependencies successfully (STDOUT, STG)#
#2026 08 14 08:08:31.809#Z#DEBUG#2a9679fe-97b7-11f1-91c3-eeee0a9f1a4c.loyalty-rewards-srv#flowable-async-job-executor-thread-29096#
[PollStageAppStatusExecution] f923befe-21d1-4fb4-b72b-f81c31059c6d [2026-08-14T08:08:23.845905] npm notice (STDOUT, STG)#
#2026 08 14 08:08:31.809#Z#DEBUG#2a9679fe-97b7-11f1-91c3-eeee0a9f1a4c.loyalty-rewards-srv#flowable-async-job-executor-thread-29096#
[PollStageAppStatusExecution] f923befe-21d1-4fb4-b72b-f81c31059c6d [2026-08-14T08:08:23.845925] npm notice New major version of npm available! 11.12.1 -> 12.0.2 (STDOUT, STG)#
#2026 08 14 08:08:31.809#Z#DEBUG#2a9679fe-97b7-11f1-91c3-eeee0a9f1a4c.loyalty-rewards-srv#flowable-async-job-executor-thread-29096#
[PollStageAppStatusExecution] f923befe-21d1-4fb4-b72b-f81c31059c6d [2026-08-14T08:08:23.845929] npm notice Changelog: https://github.com/npm/cli/releases/tag/v12.0.2 (STDOUT, STG)#
#2026 08 14 08:08:31.809#Z#DEBUG#2a9679fe-97b7-11f1-91c3-eeee0a9f1a4c.loyalty-rewards-srv#flowable-async-job-executor-thread-29096#
[PollStageAppStatusExecution] f923befe-21d1-4fb4-b72b-f81c31059c6d [2026-08-14T08:08:23.845932] npm notice To update run: npm install -g npm@12.0.2 (STDOUT, STG)#
#2026 08 14 08:08:31.809#Z#DEBUG#2a9679fe-97b7-11f1-91c3-eeee0a9f1a4c.loyalty-rewards-srv#flowable-async-job-executor-thread-29096#
[PollStageAppStatusExecution] f923befe-21d1-4fb4-b72b-f81c31059c6d [2026-08-14T08:08:23.845934] npm notice (STDOUT, STG)#
#2026 08 14 08:08:31.809#Z#DEBUG#2a9679fe-97b7-11f1-91c3-eeee0a9f1a4c.loyalty-rewards-srv#flowable-async-job-executor-thread-29096#
[PollStageAppStatusExecution] f923befe-21d1-4fb4-b72b-f81c31059c6d [2026-08-14T08:08:23.921289] Installing any new modules (package.json + package-lock.json) (STDOUT, STG)#
#2026 08 14 08:08:31.809#Z#DEBUG#2a9679fe-97b7-11f1-91c3-eeee0a9f1a4c.loyalty-rewards-srv#flowable-async-job-executor-thread-29096#
[PollStageAppStatusExecution] f923befe-21d1-4fb4-b72b-f81c31059c6d [2026-08-14T08:08:25.030894] up to date in 1s (STDOUT, STG)#
#2026 08 14 08:08:31.809#Z#DEBUG#2a9679fe-97b7-11f1-91c3-eeee0a9f1a4c.loyalty-rewards-srv#flowable-async-job-executor-thread-29096#
[PollStageAppStatusExecution] f923befe-21d1-4fb4-b72b-f81c31059c6d [2026-08-14T08:08:25.031181] 29 packages are looking for funding (STDOUT, STG)#
#2026 08 14 08:08:31.809#Z#DEBUG#2a9679fe-97b7-11f1-91c3-eeee0a9f1a4c.loyalty-rewards-srv#flowable-async-job-executor-thread-29096#
[PollStageAppStatusExecution] f923befe-21d1-4fb4-b72b-f81c31059c6d [2026-08-14T08:08:25.031245] run `npm fund` for details (STDOUT, STG)#
#2026 08 14 08:08:31.809#Z#DEBUG#2a9679fe-97b7-11f1-91c3-eeee0a9f1a4c.loyalty-rewards-srv#flowable-async-job-executor-thread-29096#
[PollStageAppStatusExecution] f923befe-21d1-4fb4-b72b-f81c31059c6d [2026-08-14T08:08:26.172533] Contrast Security no credentials found. Will not write environment files. (STDOUT, STG)#
#2026 08 14 08:08:41.911#Z#DEBUG#2a9679fe-97b7-11f1-91c3-eeee0a9f1a4c.loyalty-rewards-srv#flowable-async-job-executor-thread-29104#
[PollStageAppStatusExecution] f923befe-21d1-4fb4-b72b-f81c31059c6d [2026-08-14T08:08:36.621541] Exit status 0 (STDOUT, STG)#
#2026 08 14 08:08:41.911#Z#DEBUG#2a9679fe-97b7-11f1-91c3-eeee0a9f1a4c.loyalty-rewards-srv#flowable-async-job-executor-thread-29104#
[PollStageAppStatusExecution] f923befe-21d1-4fb4-b72b-f81c31059c6d [2026-08-14T08:08:36.621583] Uploading droplet, build artifacts cache... (STDOUT, STG)#
#2026 08 14 08:08:41.911#Z#DEBUG#2a9679fe-97b7-11f1-91c3-eeee0a9f1a4c.loyalty-rewards-srv#flowable-async-job-executor-thread-29104#
[PollStageAppStatusExecution] f923befe-21d1-4fb4-b72b-f81c31059c6d [2026-08-14T08:08:36.621620] Uploading droplet... (STDOUT, STG)#
#2026 08 14 08:08:41.911#Z#DEBUG#2a9679fe-97b7-11f1-91c3-eeee0a9f1a4c.loyalty-rewards-srv#flowable-async-job-executor-thread-29104#
[PollStageAppStatusExecution] f923befe-21d1-4fb4-b72b-f81c31059c6d [2026-08-14T08:08:36.621920] Uploading build artifacts cache... (STDOUT, STG)#
#2026 08 14 08:08:41.911#Z#DEBUG#2a9679fe-97b7-11f1-91c3-eeee0a9f1a4c.loyalty-rewards-srv#flowable-async-job-executor-thread-29104#
[PollStageAppStatusExecution] f923befe-21d1-4fb4-b72b-f81c31059c6d [2026-08-14T08:08:36.642214] Uploaded build artifacts cache (225B) (STDOUT, STG)#
#2026 08 14 08:08:41.911#Z#DEBUG#2a9679fe-97b7-11f1-91c3-eeee0a9f1a4c.loyalty-rewards-srv#flowable-async-job-executor-thread-29104#
[PollStageAppStatusExecution] f923befe-21d1-4fb4-b72b-f81c31059c6d [2026-08-14T08:08:37.385260] Creating droplet for app with guid f923befe-21d1-4fb4-b72b-f81c31059c6d (STDOUT, API)#
#2026 08 14 08:08:51.942#Z#DEBUG#2a9679fe-97b7-11f1-91c3-eeee0a9f1a4c.loyalty-rewards-srv#flowable-async-job-executor-thread-29118#
[PollStageAppStatusExecution] f923befe-21d1-4fb4-b72b-f81c31059c6d [2026-08-14T08:08:42.456374] Uploaded droplet (60.2M) (STDOUT, STG)#
#2026 08 14 08:08:51.942#Z#DEBUG#2a9679fe-97b7-11f1-91c3-eeee0a9f1a4c.loyalty-rewards-srv#flowable-async-job-executor-thread-29118#
[PollStageAppStatusExecution] f923befe-21d1-4fb4-b72b-f81c31059c6d [2026-08-14T08:08:42.477005] Uploading complete (STDOUT, STG)#
#2026 08 14 08:08:51.942#Z#DEBUG#2a9679fe-97b7-11f1-91c3-eeee0a9f1a4c.loyalty-rewards-srv#flowable-async-job-executor-thread-29118#
[PollStageAppStatusExecution] f923befe-21d1-4fb4-b72b-f81c31059c6d [2026-08-14T08:08:42.695733] Cell d1cc041a-d5a1-41d6-b9f6-6cda736ce3f0 stopping instance 63bbd82c-3eea-4d78-b8b5-64f96460fc38 (STDOUT, STG)#
#2026 08 14 08:08:51.942#Z#DEBUG#2a9679fe-97b7-11f1-91c3-eeee0a9f1a4c.loyalty-rewards-srv#flowable-async-job-executor-thread-29118#
[PollStageAppStatusExecution] f923befe-21d1-4fb4-b72b-f81c31059c6d [2026-08-14T08:08:42.695785] Cell d1cc041a-d5a1-41d6-b9f6-6cda736ce3f0 destroying container for instance 63bbd82c-3eea-4d78-b8b5-64f96460fc38 (STDOUT, STG)#
#2026 08 14 08:08:51.942#Z#DEBUG#2a9679fe-97b7-11f1-91c3-eeee0a9f1a4c.loyalty-rewards-srv#flowable-async-job-executor-thread-29118#
[PollStageAppStatusExecution] f923befe-21d1-4fb4-b72b-f81c31059c6d [2026-08-14T08:08:42.742888] Staging complete for build 63bbd82c-3eea-4d78-b8b5-64f96460fc38 (STDOUT, API)#
#2026 08 14 08:08:51.942#Z#DEBUG#2a9679fe-97b7-11f1-91c3-eeee0a9f1a4c.loyalty-rewards-srv#flowable-async-job-executor-thread-29118#
[PollStageAppStatusExecution] f923befe-21d1-4fb4-b72b-f81c31059c6d [2026-08-14T08:08:45.274751] Cell d1cc041a-d5a1-41d6-b9f6-6cda736ce3f0 successfully destroyed container for instance 63bbd82c-3eea-4d78-b8b5-64f96460fc38 (STDOUT, STG)#
#2026 08 14 08:09:02.489#Z#DEBUG#2a9679fe-97b7-11f1-91c3-eeee0a9f1a4c.loyalty-rewards-srv#flowable-async-job-executor-thread-29119#
[PollStartAppStatusExecution] f923befe-21d1-4fb4-b72b-f81c31059c6d [2026-08-14T08:08:52.044638] Updated app with guid f923befe-21d1-4fb4-b72b-f81c31059c6d ({:droplet_guid=>"9dc5d085-cfef-461d-bc12-6babac7b1e91"}) (STDOUT, API)#
#2026 08 14 08:09:02.489#Z#DEBUG#2a9679fe-97b7-11f1-91c3-eeee0a9f1a4c.loyalty-rewards-srv#flowable-async-job-executor-thread-29119#
[PollStartAppStatusExecution] f923befe-21d1-4fb4-b72b-f81c31059c6d [2026-08-14T08:08:52.456130] Creating revision for app with guid f923befe-21d1-4fb4-b72b-f81c31059c6d (STDOUT, API)#
#2026 08 14 08:09:02.489#Z#DEBUG#2a9679fe-97b7-11f1-91c3-eeee0a9f1a4c.loyalty-rewards-srv#flowable-async-job-executor-thread-29119#
[PollStartAppStatusExecution] f923befe-21d1-4fb4-b72b-f81c31059c6d [2026-08-14T08:08:52.490545] Starting app with guid f923befe-21d1-4fb4-b72b-f81c31059c6d (STDOUT, API)#
#2026 08 14 08:09:02.489#Z#DEBUG#2a9679fe-97b7-11f1-91c3-eeee0a9f1a4c.loyalty-rewards-srv#flowable-async-job-executor-thread-29119#
[PollStartAppStatusExecution] f923befe-21d1-4fb4-b72b-f81c31059c6d [2026-08-14T08:08:52.733154] Cell 77283d80-dfa7-40ba-ba4e-265aef112085 creating container for instance 98eb71bd-3134-4e2e-68ba-6e17 (STDOUT, CELL)#
#2026 08 14 08:09:02.489#Z#DEBUG#2a9679fe-97b7-11f1-91c3-eeee0a9f1a4c.loyalty-rewards-srv#flowable-async-job-executor-thread-29119#
[PollStartAppStatusExecution] f923befe-21d1-4fb4-b72b-f81c31059c6d [2026-08-14T08:08:53.646555] Security group rules were updated (STDOUT, CELL)#
#2026 08 14 08:09:02.489#Z#DEBUG#2a9679fe-97b7-11f1-91c3-eeee0a9f1a4c.loyalty-rewards-srv#flowable-async-job-executor-thread-29119#
[PollStartAppStatusExecution] f923befe-21d1-4fb4-b72b-f81c31059c6d [2026-08-14T08:08:53.766117] Cell 77283d80-dfa7-40ba-ba4e-265aef112085 successfully created container for instance 98eb71bd-3134-4e2e-68ba-6e17 (STDOUT, CELL)#
#2026 08 14 08:09:02.489#Z#DEBUG#2a9679fe-97b7-11f1-91c3-eeee0a9f1a4c.loyalty-rewards-srv#flowable-async-job-executor-thread-29119#
[PollStartAppStatusExecution] f923befe-21d1-4fb4-b72b-f81c31059c6d [2026-08-14T08:08:54.269779] Downloading droplet... (STDOUT, CELL)#
#2026 08 14 08:09:02.489#Z#DEBUG#2a9679fe-97b7-11f1-91c3-eeee0a9f1a4c.loyalty-rewards-srv#flowable-async-job-executor-thread-29119#
[PollStartAppStatusExecution] f923befe-21d1-4fb4-b72b-f81c31059c6d [2026-08-14T08:08:58.949140] Downloaded droplet (60.2M) (STDOUT, CELL)#
#2026 08 14 08:09:02.489#Z#DEBUG#2a9679fe-97b7-11f1-91c3-eeee0a9f1a4c.loyalty-rewards-srv#flowable-async-job-executor-thread-29119#
[PollStartAppStatusExecution] f923befe-21d1-4fb4-b72b-f81c31059c6d [2026-08-14T08:08:58.949329] Starting health monitoring of container (STDOUT, CELL)#
#2026 08 14 08:09:02.489#Z#DEBUG#2a9679fe-97b7-11f1-91c3-eeee0a9f1a4c.loyalty-rewards-srv#flowable-async-job-executor-thread-29119#
[PollStartAppStatusExecution] f923befe-21d1-4fb4-b72b-f81c31059c6d [2026-08-14T08:08:59.095035] Invoking pre-start scripts. (STDOUT, APP/PROC/WEB)#
#2026 08 14 08:09:02.489#Z#DEBUG#2a9679fe-97b7-11f1-91c3-eeee0a9f1a4c.loyalty-rewards-srv#flowable-async-job-executor-thread-29119#
[PollStartAppStatusExecution] f923befe-21d1-4fb4-b72b-f81c31059c6d [2026-08-14T08:08:59.324744] Invoking start command. (STDOUT, APP/PROC/WEB)#
#2026 08 14 08:09:02.489#Z#DEBUG#2a9679fe-97b7-11f1-91c3-eeee0a9f1a4c.loyalty-rewards-srv#flowable-async-job-executor-thread-29119#
[PollStartAppStatusExecution] f923befe-21d1-4fb4-b72b-f81c31059c6d [2026-08-14T08:08:59.820966] > loyalty-rewards@1.0.0 start (STDOUT, APP/PROC/WEB)#
#2026 08 14 08:09:02.489#Z#DEBUG#2a9679fe-97b7-11f1-91c3-eeee0a9f1a4c.loyalty-rewards-srv#flowable-async-job-executor-thread-29119#
[PollStartAppStatusExecution] f923befe-21d1-4fb4-b72b-f81c31059c6d [2026-08-14T08:08:59.820992] > cds-serve (STDOUT, APP/PROC/WEB)#
#2026 08 14 08:09:02.489#Z#DEBUG#2a9679fe-97b7-11f1-91c3-eeee0a9f1a4c.loyalty-rewards-srv#flowable-async-job-executor-thread-29119#
[PollStartAppStatusExecution] f923befe-21d1-4fb4-b72b-f81c31059c6d [2026-08-14T08:09:00.352596] {"level":"info","logger":"cds","timestamp":"2026-08-14T08:09:00.351Z","layer":"cds","component_type":"application","container_id":"10.32.3.6","component_id":"f923befe-21d1-4fb4-b72b-f81c31059c6d","component_name":"loyalty-rewards-srv","component_instance":0,"source_instance":0,"organization_name":"9231c958trial","organization_id":"63335efc-dd3c-4a4f-8ecb-707a0e17e6db","space_name":"dev","space_id":"2f8af6dc-e97b-487c-9ee9-8b1bb9eeccbd","msg":"loaded model from 1 file(s):\n ","type":"log"} (STDOUT, APP/PROC/WEB)#
#2026 08 14 08:09:02.489#Z#DEBUG#2a9679fe-97b7-11f1-91c3-eeee0a9f1a4c.loyalty-rewards-srv#flowable-async-job-executor-thread-29119#
[PollStartAppStatusExecution] f923befe-21d1-4fb4-b72b-f81c31059c6d [2026-08-14T08:09:00.353064] srv/csn.json (STDOUT, APP/PROC/WEB)#
#2026 08 14 08:09:02.489#Z#DEBUG#2a9679fe-97b7-11f1-91c3-eeee0a9f1a4c.loyalty-rewards-srv#flowable-async-job-executor-thread-29119#
[PollStartAppStatusExecution] f923befe-21d1-4fb4-b72b-f81c31059c6d [2026-08-14T08:09:00.759707] {"level":"info","logger":"cds","timestamp":"2026-08-14T08:09:00.758Z","layer":"cds","component_type":"application","container_id":"10.32.3.6","component_id":"f923befe-21d1-4fb4-b72b-f81c31059c6d","component_name":"loyalty-rewards-srv","component_instance":0,"source_instance":0,"organization_name":"9231c958trial","organization_id":"63335efc-dd3c-4a4f-8ecb-707a0e17e6db","space_name":"dev","space_id":"2f8af6dc-e97b-487c-9ee9-8b1bb9eeccbd","msg":"connect to db > hana {\n  database_id: 'd2cc5828-70b2-4197-9549-bc87aa549cdd',\n  host: 'd2cc5828-70b2-4197-9549-bc87aa549cdd.hna0.prod-us10.hanacloud.ondemand.com',\n  port: '443',\n  driver: 'com.sap.db.jdbc.Driver',\n  url: 'jdbc:sap://d2cc5828-70b2-4197-9549-bc87aa549cdd.hna0.prod-us10.hanacloud.ondemand.com:443?encrypt=true&validateCertificate=true&currentschema=4063DFF510AB4914B480BA97746A39E1',\n  schema: '4063DFF510AB4914B480BA97746A39E1',\n  certificate: '...',\n  hdi_user: '4063DFF510AB4914B480BA97746A39E1_ENCPVFWYC23S8V234TL2VBL3D_DT',\n  hdi_password: '...',\n  user: '4063DFF510AB4914B480BA97746A39E1_ENCPVFWYC23S8V234TL2VBL3D_RT',\n  password: '...'\n}","type":"log"} (STDOUT, APP/PROC/WEB)#
#2026 08 14 08:09:02.489#Z#DEBUG#2a9679fe-97b7-11f1-91c3-eeee0a9f1a4c.loyalty-rewards-srv#flowable-async-job-executor-thread-29119#
[PollStartAppStatusExecution] f923befe-21d1-4fb4-b72b-f81c31059c6d [2026-08-14T08:09:00.797970] {"level":"info","logger":"cds","timestamp":"2026-08-14T08:09:00.797Z","layer":"cds","component_type":"application","container_id":"10.32.3.6","component_id":"f923befe-21d1-4fb4-b72b-f81c31059c6d","component_name":"loyalty-rewards-srv","component_instance":0,"source_instance":0,"organization_name":"9231c958trial","organization_id":"63335efc-dd3c-4a4f-8ecb-707a0e17e6db","space_name":"dev","space_id":"2f8af6dc-e97b-487c-9ee9-8b1bb9eeccbd","msg":"using auth strategy { kind: 'xsuaa' }","type":"log"} (STDOUT, APP/PROC/WEB)#
#2026 08 14 08:09:02.489#Z#DEBUG#2a9679fe-97b7-11f1-91c3-eeee0a9f1a4c.loyalty-rewards-srv#flowable-async-job-executor-thread-29119#
[PollStartAppStatusExecution] f923befe-21d1-4fb4-b72b-f81c31059c6d [2026-08-14T08:09:00.878616] {"level":"info","logger":"cds","timestamp":"2026-08-14T08:09:00.878Z","layer":"cds","component_type":"application","container_id":"10.32.3.6","component_id":"f923befe-21d1-4fb4-b72b-f81c31059c6d","component_name":"loyalty-rewards-srv","component_instance":0,"source_instance":0,"organization_name":"9231c958trial","organization_id":"63335efc-dd3c-4a4f-8ecb-707a0e17e6db","space_name":"dev","space_id":"2f8af6dc-e97b-487c-9ee9-8b1bb9eeccbd","msg":"serving LoyaltyService {\n  at: [ '/odata/v4/loyalty' ],\n  decl: 'srv/csn.json:469',\n  impl: 'srv/service.js'\n}","type":"log"} (STDOUT, APP/PROC/WEB)#
#2026 08 14 08:09:02.489#Z#DEBUG#2a9679fe-97b7-11f1-91c3-eeee0a9f1a4c.loyalty-rewards-srv#flowable-async-job-executor-thread-29119#
[PollStartAppStatusExecution] f923befe-21d1-4fb4-b72b-f81c31059c6d [2026-08-14T08:09:00.905097] {"level":"info","logger":"cds","timestamp":"2026-08-14T08:09:00.904Z","layer":"cds","component_type":"application","container_id":"10.32.3.6","component_id":"f923befe-21d1-4fb4-b72b-f81c31059c6d","component_name":"loyalty-rewards-srv","component_instance":0,"source_instance":0,"organization_name":"9231c958trial","organization_id":"63335efc-dd3c-4a4f-8ecb-707a0e17e6db","space_name":"dev","space_id":"2f8af6dc-e97b-487c-9ee9-8b1bb9eeccbd","msg":"serving CustomersService {\n  at: [ '/service/customers' ],\n  decl: 'srv/csn.json:1853'\n}","type":"log"} (STDOUT, APP/PROC/WEB)#
#2026 08 14 08:09:02.489#Z#DEBUG#2a9679fe-97b7-11f1-91c3-eeee0a9f1a4c.loyalty-rewards-srv#flowable-async-job-executor-thread-29119#
[PollStartAppStatusExecution] f923befe-21d1-4fb4-b72b-f81c31059c6d [2026-08-14T08:09:00.906641] {"level":"info","logger":"cds","timestamp":"2026-08-14T08:09:00.906Z","layer":"cds","component_type":"application","container_id":"10.32.3.6","component_id":"f923befe-21d1-4fb4-b72b-f81c31059c6d","component_name":"loyalty-rewards-srv","component_instance":0,"source_instance":0,"organization_name":"9231c958trial","organization_id":"63335efc-dd3c-4a4f-8ecb-707a0e17e6db","space_name":"dev","space_id":"2f8af6dc-e97b-487c-9ee9-8b1bb9eeccbd","msg":"serving RewardPoliciesService {\n  at: [ '/service/reward-policies' ],\n  decl: 'srv/csn.json:2270'\n}","type":"log"} (STDOUT, APP/PROC/WEB)#
#2026 08 14 08:09:02.489#Z#DEBUG#2a9679fe-97b7-11f1-91c3-eeee0a9f1a4c.loyalty-rewards-srv#flowable-async-job-executor-thread-29119#
[PollStartAppStatusExecution] f923befe-21d1-4fb4-b72b-f81c31059c6d [2026-08-14T08:09:00.909148] {"level":"info","logger":"cds","timestamp":"2026-08-14T08:09:00.908Z","layer":"cds","component_type":"application","container_id":"10.32.3.6","component_id":"f923befe-21d1-4fb4-b72b-f81c31059c6d","component_name":"loyalty-rewards-srv","component_instance":0,"source_instance":0,"organization_name":"9231c958trial","organization_id":"63335efc-dd3c-4a4f-8ecb-707a0e17e6db","space_name":"dev","space_id":"2f8af6dc-e97b-487c-9ee9-8b1bb9eeccbd","msg":"serving TierThresholdsService {\n  at: [ '/service/tier-thresholds' ],\n  decl: 'srv/csn.json:2599'\n}","type":"log"} (STDOUT, APP/PROC/WEB)#
#2026 08 14 08:09:02.489#Z#DEBUG#2a9679fe-97b7-11f1-91c3-eeee0a9f1a4c.loyalty-rewards-srv#flowable-async-job-executor-thread-29119#
[PollStartAppStatusExecution] f923befe-21d1-4fb4-b72b-f81c31059c6d [2026-08-14T08:09:00.909467] {"level":"info","logger":"cds","timestamp":"2026-08-14T08:09:00.909Z","layer":"cds","component_type":"application","container_id":"10.32.3.6","component_id":"f923befe-21d1-4fb4-b72b-f81c31059c6d","component_name":"loyalty-rewards-srv","component_instance":0,"source_instance":0,"organization_name":"9231c958trial","organization_id":"63335efc-dd3c-4a4f-8ecb-707a0e17e6db","space_name":"dev","space_id":"2f8af6dc-e97b-487c-9ee9-8b1bb9eeccbd","msg":"serving TransactionsService {\n  at: [ '/service/transactions' ],\n  decl: 'srv/csn.json:2913'\n}","type":"log"} (STDOUT, APP/PROC/WEB)#
#2026 08 14 08:09:02.489#Z#DEBUG#2a9679fe-97b7-11f1-91c3-eeee0a9f1a4c.loyalty-rewards-srv#flowable-async-job-executor-thread-29119#
[PollStartAppStatusExecution] f923befe-21d1-4fb4-b72b-f81c31059c6d [2026-08-14T08:09:01.070959] {"level":"info","logger":"cds","timestamp":"2026-08-14T08:09:01.070Z","layer":"cds","component_type":"application","container_id":"10.32.3.6","component_id":"f923befe-21d1-4fb4-b72b-f81c31059c6d","component_name":"loyalty-rewards-srv","component_instance":0,"source_instance":0,"organization_name":"9231c958trial","organization_id":"63335efc-dd3c-4a4f-8ecb-707a0e17e6db","space_name":"dev","space_id":"2f8af6dc-e97b-487c-9ee9-8b1bb9eeccbd","msg":"server listening on { url: 'http://localhost:8080' }","type":"log"} (STDOUT, APP/PROC/WEB)#
#2026 08 14 08:09:02.489#Z#DEBUG#2a9679fe-97b7-11f1-91c3-eeee0a9f1a4c.loyalty-rewards-srv#flowable-async-job-executor-thread-29119#
[PollStartAppStatusExecution] f923befe-21d1-4fb4-b72b-f81c31059c6d [2026-08-14T08:09:01.072277] {"level":"info","logger":"cds","timestamp":"2026-08-14T08:09:01.072Z","layer":"cds","component_type":"application","container_id":"10.32.3.6","component_id":"f923befe-21d1-4fb4-b72b-f81c31059c6d","component_name":"loyalty-rewards-srv","component_instance":0,"source_instance":0,"organization_name":"9231c958trial","organization_id":"63335efc-dd3c-4a4f-8ecb-707a0e17e6db","space_name":"dev","space_id":"2f8af6dc-e97b-487c-9ee9-8b1bb9eeccbd","msg":"server v9.9.3 launched in 1239 ms","type":"log"} (STDOUT, APP/PROC/WEB)#
#2026 08 14 08:09:02.489#Z#DEBUG#2a9679fe-97b7-11f1-91c3-eeee0a9f1a4c.loyalty-rewards-srv#flowable-async-job-executor-thread-29119#
[PollStartAppStatusExecution] f923befe-21d1-4fb4-b72b-f81c31059c6d [2026-08-14T08:09:02.025400] Container became healthy (STDOUT, CELL)#
#2026 08 14 08:09:02.489#Z#DEBUG#2a9679fe-97b7-11f1-91c3-eeee0a9f1a4c.loyalty-rewards-srv#flowable-async-job-executor-thread-29119#
[PollStartAppStatusExecution] f923befe-21d1-4fb4-b72b-f81c31059c6d [2026-08-14T08:09:02.049910] Process became ready with guid f923befe-21d1-4fb4-b72b-f81c31059c6d payload: {"instance"=>"98eb71bd-3134-4e2e-68ba-6e17", "index"=>0, "cell_id"=>"77283d80-dfa7-40ba-ba4e-265aef112085", "ready"=>true, "version"=>"d6adad42-7ce5-4d79-b5ca-f4198afbd990"} (STDOUT, API)#
